[Monday 21st, September 2026 03:27:52 PM] —— [Opening gateway connection to database. User about to sign-in... ✓✅]
[Monday 21st, September 2026 03:28:13 PM] —— [Opening gateway connection to database. User about to sign-in... ✓✅]
[Monday 21st, September 2026 03:28:27 PM] —— [Opening gateway connection to database. User about to sign-in... ✓✅]
[Monday 21st, September 2026 03:28:42 PM] —— [Opening gateway connection to database. User about to sign-in... ✓✅]
[Monday 21st, September 2026 03:28:55 PM] —— [Opening gateway connection to database. User about to sign-in... ✓✅]
[Monday 21st, September 2026 03:29:13 PM] —— [Opening gateway connection to database. User about to sign-in... ✓✅]
[Monday 21st, September 2026 03:29:24 PM] —— [Opening gateway connection to database. User about to sign-in... ✓✅]
[Monday 21st, September 2026 03:29:35 PM] —— [Opening gateway connection to database. User about to sign-in... ✓✅]
[Monday 21st, September 2026 03:29:49 PM] —— [Opening gateway connection to database. User about to sign-in... ✓✅]
[Monday 21st, September 2026 03:31:20 PM] —— [Opening gateway connection to database. User about to sign-in... ✓✅]
[Monday 21st, September 2026 03:31:20 PM] —— [Bill Gates has logged out —— Success ✅✓]
[Monday 21st, September 2026 03:31:20 PM] —— [Opening gateway connection to database. User about to sign-in... ✓✅]
[Monday 21st, September 2026 03:31:23 PM] —— [Opening gateway connection to database. User about to sign-in... ✓✅]
[Monday 21st, September 2026 03:31:35 PM] —— [Opening gateway connection to database. User about to sign-in... ✓✅]
[Monday 21st, September 2026 03:31:35 PM] [User logged in: armstrong.nelson@greyschools.om (ID: 55, Type: Student)]
[Monday 21st, September 2026 03:31:35 PM] —— [Opening gateway connection to database. User about to sign-in... ✓✅]
[Monday 21st, September 2026 03:31:44 PM] —— [Opening gateway connection to database. User about to sign-in... ✓✅]
[Monday 21st, September 2026 03:31:44 PM] —— [Armstrong Nelson has logged out —— Success ✅✓]
[Monday 21st, September 2026 03:31:44 PM] —— [Opening gateway connection to database. User about to sign-in... ✓✅]
[Monday 21st, September 2026 04:26:18 PM] —— [Opening gateway connection to database. User about to sign-in... ✓✅]
[Monday 21st, September 2026 04:32:10 PM] —— [Opening gateway connection to database. User about to sign-in... ✓✅]
[Monday 21st, September 2026 04:32:23 PM] —— [Opening gateway connection to database. User about to sign-in... ✓✅]
[Monday 21st, September 2026 04:32:23 PM] —— [ has logged out —— Success ✅✓]
[Monday 21st, September 2026 04:32:23 PM] —— [Opening gateway connection to database. User about to sign-in... ✓✅]
[Monday 21st, September 2026 04:34:49 PM] —— [Opening gateway connection to database. User about to sign-in... ✓✅]
